// Jest Snapshot v1, https://goo.gl/fbAQLP

exports[`<LoaderLinear /> should render hidden LoaderLinear component 1`] = `"<div class=\\"LoaderLinear-progressWrap-1 progressWrap\\" style=\\"opacity:0;visibility:hidden\\"><div class=\\"MuiLinearProgress-root MuiLinearProgress-colorPrimary LoaderLinear-progressWrap-1 progressWrap MuiLinearProgress-indeterminate\\" role=\\"progressbar\\"><div class=\\"MuiLinearProgress-bar MuiLinearProgress-barColorPrimary MuiLinearProgress-bar1Indeterminate\\"></div><div class=\\"MuiLinearProgress-bar MuiLinearProgress-bar2Indeterminate MuiLinearProgress-barColorPrimary\\"></div></div></div>"`;

exports[`<LoaderLinear /> should render showed LoaderLinear component 1`] = `"<div class=\\"LoaderLinear-progressWrap-1 progressWrap\\" style=\\"opacity:0\\"><div class=\\"MuiLinearProgress-root MuiLinearProgress-colorPrimary LoaderLinear-progressWrap-1 progressWrap MuiLinearProgress-indeterminate\\" role=\\"progressbar\\"><div class=\\"MuiLinearProgress-bar MuiLinearProgress-barColorPrimary MuiLinearProgress-bar1Indeterminate\\"></div><div class=\\"MuiLinearProgress-bar MuiLinearProgress-bar2Indeterminate MuiLinearProgress-barColorPrimary\\"></div></div></div>"`;
